// Jest Snapshot v1, https://goo.gl/fbAQLP

exports[`Footer component matches the snapshot 1`] = `
<footer class="footer">
  <nav class="navbar navbar-expand-sm navbar-dark justify-content-end"><button type="button" data-toggle="collapse" data-target="#footerBar" class="navbar-toggler"><span class="navbar-toggler-icon"></span></button>
    <div id="footerBar" class="collapse navbar-collapse flex-grow-0">
      <div class="navbar-nav text-right">
        <li class="nav-item m-1"><a href="{url}" target="_blank" rel="noopener noreferrer" class="nav-link">
            BC Government
          </a></li>
        <li class="nav-item m-1"><a href="{url}" target="_blank" rel="noopener noreferrer" class="nav-link">
            Disclaimer
          </a></li>
        <li class="nav-item m-1"><a href="{url}" target="_blank" rel="noopener noreferrer" class="nav-link">
            Privacy
          </a></li>
        <li class="nav-item m-1"><a href="{url}" target="_blank" rel="noopener noreferrer" class="nav-link">
            Accessibility
          </a></li>
        <li class="nav-item m-1"><a href="{url}" target="_blank" rel="noopener noreferrer" class="nav-link">
            Copyright
          </a></li>
      </div>
    </div>
  </nav>
</footer>
`;
